     1                                  ;=======================================================================================================================
     2                                  ;
     3                                  ;       File:           os.asm
     4                                  ;
     5                                  ;       Project:        os.001
     6                                  ;
     7                                  ;       Description:    This sample program defines a valid boot sector that displays a message and waits for a key
     8                                  ;                       to be pressed to restart the system. Using assembly directives, either a simple boot sector
     9                                  ;                       or an entire floppy disk image is generated. Real mode BIOS interrupts are used to display
    10                                  ;                       the message and poll for a keypress.
    11                                  ;
    12                                  ;       Revised:        17 June 2019
    13                                  ;
    14                                  ;       Assembly:       nasm os.asm -f bin -o os.dat -l os.dat.lst -DBUILDBOOT
    15                                  ;                       nasm os.asm -f bin -o os.dsk -l os.dsk.lst -DBUILDDISK
    16                                  ;
    17                                  ;       Assembler:      Netwide Assembler (NASM) 2.13.03, 7 Feb 2018
    18                                  ;
    19                                  ;       Notice:         Copyright (C) 2010-2019 David J. Walling
    20                                  ;
    21                                  ;=======================================================================================================================
    22                                  ;-----------------------------------------------------------------------------------------------------------------------
    23                                  ;
    24                                  ;       Assembly Directives
    25                                  ;
    26                                  ;       Use one of the following as an assembly directive (-D) with NASM.
    27                                  ;
    28                                  ;       BUILDBOOT       Creates os.dat, a 512-byte boot sector as a standalone file.
    29                                  ;       BUILDDISK       Creates os.dsk, a 1.44MB (3.5") floppy disk image file.
    30                                  ;
    31                                  ;-----------------------------------------------------------------------------------------------------------------------
    32                                  %ifdef BUILDDISK                                                                ;if we are building a disk image ...
    33                                  %define BUILDBOOT                                                               ;... also build the boot sector
    34                                  %endif
    35                                  ;-----------------------------------------------------------------------------------------------------------------------
    36                                  ;
    37                                  ;       Conventions
    38                                  ;
    39                                  ;       Alignment:      In this document, columns are numbered beginning with 1. Logical tabs are set after every
    40                                  ;                       eight columns. Tabs are simulated using SPACE characters. Comments that span an entire line
    41                                  ;                       have a semicolon in line 1 and text begins in column 9. Assembly instructions (mnemonics)
    42                                  ;                       begin in column 25. Assembly operands begin in column 33. Inline comments begin in column 81.
    43                                  ;                       Lines should not extend beyond column 120.
    44                                  ;
    45                                  ;       Arguments:      Arguments are passed as registers and generally follow this order: EAX, ECX, EDX, EBX. ECX
    46                                  ;                       may be used as the sole parameter if a test for zero is required. EBX and EBP may be used as
    47                                  ;                       parameters if the routine is considered a "method" of an "object". In this case, EBX or EBP
    48                                  ;                       will address the object storage. If the routine is general-purpose string or character-array
    49                                  ;                       manipulator, ESI and EDI may be used as parameters to address input and/or ouput buffers.
    50                                  ;
    51                                  ;       Code Order:     Routines should appear in the order of their first likely use. Negative relative call or jump
    52                                  ;                       addresses usually, therefore, indicate reuse.
    53                                  ;
    54                                  ;       Comments:       A comment that spans the entire line begins with a semicolon in column 1. A comment that
    55                                  ;                       accompanies code on a line begins with a semicolon in column 81. Register names in comments
    56                                  ;                       are in upper case (EAX, EDI). Hexadecimal values in comments are in lower case (01fh, 0dah).
    57                                  ;                       Routines are preceded with a comment box that includes the routine name, description, and
    58                                  ;                       register contents on entry and exit, if applicable.
    59                                  ;
    60                                  ;       Constants:      Symbolic constants (equates) are named in all-caps beginning with 'E' (EDATAPORT). Constant
    61                                  ;                       stored values are named in camel case, starting with 'c' (cbMaxLines). The 2nd letter of the
    62                                  ;                       constant label indicates the storage type.
    63                                  ;
    64                                  ;                       cq......        constant quad-word (dq)
    65                                  ;                       cd......        constant double-word (dd)
    66                                  ;                       cw......        constant word (dw)
    67                                  ;                       cb......        constant byte (db)
    68                                  ;                       cz......        constant ASCIIZ (null-terminated) string
    69                                  ;                       cs......        constant non-termiated string (sequence of characters)
    70                                  ;
    71                                  ;       Instructions:   32-bit instructions are generally favored. 8-bit instructions and data are preferred for
    72                                  ;                       flags and status fields, etc. 16-bit instructions are avoided wherever possible to limit
    73                                  ;                       the generation of prefix bytes.
    74                                  ;
    75                                  ;       Labels:         Labels within a routine are numeric and begin with a period (.10, .20). Labels within a
    76                                  ;                       routine begin at ".10" and increment by 10.
    77                                  ;
    78                                  ;       Literals:       Literal values defined by external standards should be defined as symbolic constants
    79                                  ;                       (equates). Hexadecimal literals in code are in upper case with a leading '0' and trailing
    80                                  ;                       'h' (01Fh). Binary literal values in source code are encoded with a final 'b' (1010b).
    81                                  ;                       Decimal literal values in source code are strictly numerals (2048). Octal literal values
    82                                  ;                       are avoided. String literals are enclosed in double quotes, e.g. "Loading OS". Single
    83                                  ;                       character literals are enclosed in single quotes, e.g. 'A'.
    84                                  ;
    85                                  ;       Macros:         Macro names are in camel case, beginning with a lower-case letter (getDateString). Macro
    86                                  ;                       names describe an action and begin with a verb.
    87                                  ;
    88                                  ;       Memory Use:     Operating system memory allocation is avoided. Buffers are kept to as small a size as
    89                                  ;                       practicable. Data and code intermingling is avoided.
    90                                  ;
    91                                  ;       Registers:      Register names in comments are in upper case (EAX, EDX). Register names in source code are
    92                                  ;                       in lower case (eax, edx).
    93                                  ;
    94                                  ;       Return Values:  Routines return result values in EAX or ECX or both. Routines should indicate failure by
    95                                  ;                       setting the carry flag to 1. Routines may prefer the use of ECX as a return value if the
    96                                  ;                       value is to be tested for null upon return (using the jecxz instruction).
    97                                  ;
    98                                  ;       Routines:       Routine names are in mixed case and capitalized (GetYear, ReadRealTimeClock). Routine names
    99                                  ;                       begin with a verb (Get, Read, Load). Routines should have a single entry address and a single
   100                                  ;                       exit instruction (ret, iretd, etc.). Routines that serve as wrappers for library functions
   101                                  ;                       carry the same name as the library function but begin with a leading underscore (_) character.
   102                                  ;
   103                                  ;       Structures:     Structure names are in all-caps (DATETIME). Structure names describe a "thing" and so do NOT
   104                                  ;                       begin with a verb.
   105                                  ;
   106                                  ;       Usage:          Registers EBX, ECX, EBP, SS, CS, DS and ES are preserved by routines. Registers ESI and EDI
   107                                  ;                       are preserved unless they are input parameters. Registers EAX and ECX are preferred for
   108                                  ;                       returning response/result values. Registers EBX and EBP are preferred for context (structure)
   109                                  ;                       address parameters. Registers EAX, ECX, EDX and EBX are preferred for integral parameters.
   110                                  ;
   111                                  ;       Variables:      Variables are named in camel case, starting with 'w'. The 2nd letter of the variable label
   112                                  ;                       indicates the storage type.
   113                                  ;
   114                                  ;                       wq......        variable quad-word (resq)
   115                                  ;                       wd......        variable double-word (resd)
   116                                  ;                       ww......        variable word (resw)
   117                                  ;                       wb......        variable byte (resb)
   118                                  ;                       ws......        writable structure
   119                                  ;
   120                                  ;-----------------------------------------------------------------------------------------------------------------------
   121                                  ;=======================================================================================================================
   122                                  ;
   123                                  ;       Equates
   124                                  ;
   125                                  ;       The equate (equ) statement defines a symbolic name for a fixed value so that such a value can be defined and
   126                                  ;       verified once and then used throughout the code. Using symbolic names simplifies searching for where logical
   127                                  ;       values are used. Equate names are in all-caps and begin with the letter 'E'. Equates are grouped into related
   128                                  ;       sets. Equates in this sample program are defined in the following groupings:
   129                                  ;
   130                                  ;       Hardware-Defined Values
   131                                  ;
   132                                  ;       EKEYB...        8042 or "PS/2 Controller" (Keyboard Controller) values
   133                                  ;
   134                                  ;       Firmware-Defined Values
   135                                  ;
   136                                  ;       EBIOS...        Basic Input/Output System (BIOS) values
   137                                  ;
   138                                  ;       Operating System Values
   139                                  ;
   140                                  ;       EBOOT...        Boot sector and loader values
   141                                  ;
   142                                  ;=======================================================================================================================
   143                                  ;-----------------------------------------------------------------------------------------------------------------------
   144                                  ;
   145                                  ;       Hardware-Defined Values
   146                                  ;
   147                                  ;-----------------------------------------------------------------------------------------------------------------------
   148                                  ;-----------------------------------------------------------------------------------------------------------------------
   149                                  ;
   150                                  ;       8042 Keyboard Controller                                                EKEYB...
   151                                  ;
   152                                  ;       The 8042 Keyboard Controller (8042) is a programmable controller that accepts input signals from the keyboard
   153                                  ;       device. It also signals a hardware interrupt to the CPU when the low-order bit of I/O port 64h is set to zero.
   154                                  ;
   155                                  ;-----------------------------------------------------------------------------------------------------------------------
   156                                  EKEYBPORTSTAT           equ     064h                                            ;status port
   157                                  EKEYBCMDRESET           equ     0FEh                                            ;reset bit 0 to restart system
   158                                  ;-----------------------------------------------------------------------------------------------------------------------
   159                                  ;
   160                                  ;       Firmware-Defined Values
   161                                  ;
   162                                  ;-----------------------------------------------------------------------------------------------------------------------
   163                                  ;-----------------------------------------------------------------------------------------------------------------------
   164                                  ;
   165                                  ;       BIOS Interrupts and Functions                                           EBIOS...
   166                                  ;
   167                                  ;       Basic Input/Output System (BIOS) functions are grouped and accessed by issuing an interrupt call. Each
   168                                  ;       BIOS interrupt supports several functions. The function code is typically passed in the AH register.
   169                                  ;
   170                                  ;-----------------------------------------------------------------------------------------------------------------------
   171                                  EBIOSINTVIDEO           equ     010h                                            ;video services interrupt
   172                                  EBIOSFNSETVMODE         equ     000h                                            ;video set mode function
   173                                  EBIOSMODETEXT80         equ     003h                                            ;video mode 80x25 text
   174                                  EBIOSFNTTYOUTPUT        equ     00Eh                                            ;video TTY output function
   175                                  EBIOSINTKEYBOARD        equ     016h                                            ;keyboard services interrupt
   176                                  EBIOSFNKEYSTATUS        equ     001h                                            ;keyboard status function
   177                                  ;-----------------------------------------------------------------------------------------------------------------------
   178                                  ;
   179                                  ;       Operating System Values
   180                                  ;
   181                                  ;-----------------------------------------------------------------------------------------------------------------------
   182                                  ;-----------------------------------------------------------------------------------------------------------------------
   183                                  ;
   184                                  ;       Boot Sector and Loader Constants                                        EBOOT...
   185                                  ;
   186                                  ;       Equates in this section support the boot sector and the 16-bit operating system loader, which will be
   187                                  ;       responsible for placing the CPU into protected mode and calling the initial operating system task.
   188                                  ;
   189                                  ;-----------------------------------------------------------------------------------------------------------------------
   190                                  EBOOTSTACKTOP           equ     0100h                                           ;boot sector stack top relative to DS
   191                                  EBOOTSECTORBYTES        equ     512                                             ;bytes per sector
   192                                  EBOOTDIRENTRIES         equ     224                                             ;directory entries (1.44MB 3.5" FD)
   193                                  EBOOTDISKSECTORS        equ     2880                                            ;sectors per disk (1.44MB 3.5" FD)
   194                                  EBOOTDISKBYTES          equ     (EBOOTSECTORBYTES*EBOOTDISKSECTORS)             ;bytes per disk
   195                                  %ifdef BUILDBOOT
   196                                  ;=======================================================================================================================
   197                                  ;
   198                                  ;       Boot Sector                                                             @disk: 000000   @mem: 007c00
   199                                  ;
   200                                  ;       The first sector of the diskette is the boot sector. The BIOS will load the boot sector into memory and pass
   201                                  ;       control to the code at the start of the sector. The boot sector code is responsible for loading the operating
   202                                  ;       system into memory. The boot sector contains a disk parameter table describing the geometry and allocation
   203                                  ;       of the diskette. Following the disk parameter table is code to load the operating system kernel into memory.
   204                                  ;
   205                                  ;       The "cpu" directive limits emitted code to those instructions supported by the most primitive processor
   206                                  ;       we expect to ever execute our code. The "vstart" parameter indicates addressability of symbols so as to
   207                                  ;       emulate the DOS .COM program model. Although the BIOS is expected to load the boot sector at address 7c00,
   208                                  ;       we do not make that assumption. The CPU starts in 16-bit addressing mode. A three-byte jump instruction is
   209                                  ;       immediately followed by the disk parameter table.
   210                                  ;
   211                                  ;=======================================================================================================================
   212                                                          cpu     8086                                            ;assume minimal CPU
   213                                  section                 boot    vstart=0100h                                    ;emulate .COM (CS,DS,ES=PSP) addressing
   214                                                          bits    16                                              ;16-bit code at power-up
   215 00000000 E91B00                  Boot                    jmp     word Boot.10                                    ;jump over parameter table
   216                                  ;-----------------------------------------------------------------------------------------------------------------------
   217                                  ;
   218                                  ;       Disk Parameter Table
   219                                  ;
   220                                  ;       The disk parameter table informs the BIOS of the floppy disk architecture. Here, we use parameters for the
   221                                  ;       3.5" 1.44MB floppy disk since this format is widely supported by virtual machine hypervisors.
   222                                  ;
   223                                  ;-----------------------------------------------------------------------------------------------------------------------
   224 00000003 4F53202020202020                                db      "OS      "                                      ;eight-byte label
   225 0000000B 0002                    cwSectorBytes           dw      EBOOTSECTORBYTES                                ;bytes per sector
   226 0000000D 01                      cbClusterSectors        db      1                                               ;sectors per cluster
   227 0000000E 0100                    cwReservedSectors       dw      1                                               ;reserved sectors
   228 00000010 02                      cbFatCount              db      2                                               ;file allocation table copies
   229 00000011 E000                    cwDirEntries            dw      EBOOTDIRENTRIES                                 ;max directory entries
   230 00000013 400B                    cwDiskSectors           dw      EBOOTDISKSECTORS                                ;sectors per disk
   231 00000015 F0                      cbDiskType              db      0F0h                                            ;1.44MB
   232 00000016 0900                    cwFatSectors            dw      9                                               ;sectors per FAT copy
   233                                  cbTrackSectors          equ     $                                               ;sectors per track (as byte)
   234 00000018 1200                    cwTrackSectors          dw      18                                              ;sectors per track (as word)
   235 0000001A 0200                    cwDiskSides             dw      2                                               ;sides per disk
   236 0000001C 0000                    cwSpecialSectors        dw      0                                               ;special sectors
   237                                  ;
   238                                  ;       BIOS typically loads the boot sector at absolute address 7c00 and sets the stack pointer at 512 bytes past
   239                                  ;       the end of the boot sector. But, since BIOS code varies, we don't make any assumptions as to where our boot
   240                                  ;       sector is loaded. For example, the initial CS:IP could be 0:7c00, 700:c00, 7c0:0, etc. To avoid assumptions,
   241                                  ;       we first normalize CS:IP to get the absolute segment address in BX. The comments below show the effect of this
   242                                  ;       code given several possible starting values for CS:IP.
   243                                  ;
   244                                                                                                                  ;CS:IP   0:7c00 700:c00 7c0:0
   245 0000001E E80000                  Boot.10                 call    word .20                                        ;[ESP] =   7c21     c21    21
   246                                  .@20                    equ     $-$$                                            ;.@20 = 021h
   247 00000021 58                      .20                     pop     ax                                              ;AX =      7c21     c21    21
   248 00000022 83E821                                          sub     ax,.@20                                         ;AX =      7c00     c00     0
   249 00000025 B104                                            mov     cl,4                                            ;shift count
   250 00000027 D3E8                                            shr     ax,cl                                           ;AX =       7c0      c0     0
   251 00000029 8CCB                                            mov     bx,cs                                           ;BX =         0     700   7c0
   252 0000002B 01C3                                            add     bx,ax                                           ;BX =       7c0     7c0   7c0
   253                                  ;
   254                                  ;       Now, since we are assembling our boot code to emulate the addressing of a .COM file, we want the DS and ES
   255                                  ;       registers to be set to where a Program Segment Prefix (PSP) would be, exactly 100h (256) bytes prior to
   256                                  ;       the start of our code. This will correspond to our assembled data address offsets. Note that we instructed
   257                                  ;       the assembler to produce addresses for our symbols that are offset from our code by 100h. See the "vstart"
   258                                  ;       parameter for the "section" directive above. We also set SS to the PSP and SP to the address of our i/o
   259                                  ;       buffer. This leaves 256 bytes of usable stack from 7b0:0 to 7b0:100.
   260                                  ;
   261                                  ;       Note that when a value is loaded into the stack segment register (SS) interrupts are disabled until the
   262                                  ;       completion of the following instruction.
   263                                  ;
   264 0000002D 83EB10                                          sub     bx,16                                           ;BX = 07b0
   265 00000030 8EDB                                            mov     ds,bx                                           ;DS = 07b0 = psp
   266 00000032 8EC3                                            mov     es,bx                                           ;ES = 07b0 = psp
   267 00000034 8ED3                                            mov     ss,bx                                           ;SS = 07b0 = psp (ints disabled)
   268 00000036 BC0001                                          mov     sp,EBOOTSTACKTOP                                ;SP = 0100       (ints enabled)
   269                                  ;
   270                                  ;       Our boot addressability is now set up according to the following diagram.
   271                                  ;
   272                                  ;       DS,ES,SS -----> 007b00  +-----------------------------------------------+ DS:0000
   273                                  ;                               |  Boot Stack & Boot PSP (Unused)               |
   274                                  ;                               |  256 = 100h bytes                             |
   275                                  ;       SS:SP --------> 007c00  +-----------------------------------------------+ DS:0100  07b0:0100
   276                                  ;                               |  Boot Sector (vstart=0100h)                   |
   277                                  ;                               |  1 sector = 512 = 200h bytes                  |
   278                                  ;                       007e00  +-----------------------------------------------+ DS:0300
   279                                  ;
   280                                  ;       Set the video mode to 80 column, 25 row, text.
   281                                  ;
   282 00000039 B80300                                          mov     ax,EBIOSFNSETVMODE<<8|EBIOSMODETEXT80           ;set mode function, 80x25 text mode
   283 0000003C CD10                                            int     EBIOSINTVIDEO                                   ;call BIOS display interrupt
   284                                  ;
   285                                  ;       Write a message to the console so we know we have our addressability established.
   286                                  ;
   287 0000003E BE[6300]                                        mov     si,czStartingMsg                                ;starting message
   288 00000041 E81200                                          call    PutTTYString                                    ;display loader message
   289                                  ;
   290                                  ;       Now we want to wait for a keypress. We can use a keyboard interrupt function for this (INT 16h, AH=0).
   291                                  ;       However, some hypervisor BIOS implementations have been seen to implement the "wait" as simply a fast
   292                                  ;       iteration of the keyboard status function call (INT 16h, AH=1), causing a max CPU condition. So, instead,
   293                                  ;       we will use the keyboard status call and iterate over a halt (HLT) instruction until a key is pressed.
   294                                  ;       The STI instruction enables maskable interrupts, including the keyboard. The CPU assures that the
   295                                  ;       instruction immediately following STI will be executed before any interrupt is serviced.
   296                                  ;
   297 00000044 B401                    .30                     mov     ah,EBIOSFNKEYSTATUS                             ;keyboard status function
   298 00000046 CD16                                            int     EBIOSINTKEYBOARD                                ;call BIOS keyboard interrupt
   299 00000048 7504                                            jnz     .40                                             ;exit if key pressed
   300 0000004A FB                                              sti                                                     ;enable maskable interrupts
   301 0000004B F4                                              hlt                                                     ;wait for interrupt
   302 0000004C EBF6                                            jmp     .30                                             ;repeat until keypress
   303                                  ;
   304                                  ;       Now that a key has been pressed, we signal the system to restart by driving the B0 line on the 8042
   305                                  ;       keyboard controller low (OUT 64h,0feh). The restart may take some microseconds to kick in, so we issue
   306                                  ;       HLT until the system resets.
   307                                  ;
   308 0000004E B0FE                    .40                     mov     al,EKEYBCMDRESET                                ;8042 pulse output port pin
   309 00000050 E664                                            out     EKEYBPORTSTAT,al                                ;drive B0 low to restart
   310 00000052 FB                      .50                     sti                                                     ;enable maskable interrupts
   311 00000053 F4                                              hlt                                                     ;stop until reset, int, nmi
   312 00000054 EBFC                                            jmp     .50                                             ;loop until restart kicks in
   313                                  ;-----------------------------------------------------------------------------------------------------------------------
   314                                  ;
   315                                  ;       Routine:        PutTTYString
   316                                  ;
   317                                  ;       Description:    This routine sends a NUL-terminated string of characters to the TTY output device. We use the
   318                                  ;                       TTY output function of the BIOS video interrupt, passing the address of the string in DS:SI
   319                                  ;                       and the BIOS teletype function code in AH. After a return from the BIOS interrupt, we repeat
   320                                  ;                       for the next string character until a NUL is found. Note that we clear the direction flag (DF)
   321                                  ;                       with CLD before the first LODSB. The direction flag is not guaranteed to be preserved between
   322                                  ;                       calls within the OS. However, the "int" instruction does store the EFLAGS register on the
   323                                  ;                       stack and restores it on return. Therefore, clearing the direction flag before subsequent calls
   324                                  ;                       to LODSB is not needed.
   325                                  ;
   326                                  ;       In:             DS:SI   address of string
   327                                  ;
   328                                  ;       Out:            DF      0
   329                                  ;                       ZF      1
   330                                  ;                       AL      0
   331                                  ;
   332                                  ;-----------------------------------------------------------------------------------------------------------------------
   333 00000056 FC                      PutTTYString            cld                                                     ;forward strings
   334 00000057 AC                      .10                     lodsb                                                   ;load next byte at DS:SI in AL
   335 00000058 84C0                                            test    al,al                                           ;end of string?
   336 0000005A 7406                                            jz      .20                                             ;... yes, exit our loop
   337 0000005C B40E                                            mov     ah,EBIOSFNTTYOUTPUT                             ;BIOS teletype function
   338 0000005E CD10                                            int     EBIOSINTVIDEO                                   ;call BIOS display interrupt
   339 00000060 EBF5                                            jmp     .10                                             ;repeat until done
   340 00000062 C3                      .20                     ret                                                     ;return
   341                                  ;-----------------------------------------------------------------------------------------------------------------------
   342                                  ;
   343                                  ;       Loader Data
   344                                  ;
   345                                  ;       Our only "data" is the string displayed when system starts. It ends with ASCII carriage-return (13) and line-
   346                                  ;       feed (10) values. The remainder of the boot sector is filled with NUL. The boot sector finally ends with the
   347                                  ;       required two-byte signature checked by the BIOS. Note that recent versions of NASM will issue a warning if
   348                                  ;       the calculated address for the end-of-sector signature produces a negative value for "510-($-$$)". This will
   349                                  ;       indicate if we have added too much data and exceeded the length of the sector.
   350                                  ;
   351                                  ;-----------------------------------------------------------------------------------------------------------------------
   352 00000063 5374617274696E6720-     czStartingMsg           db      "Starting OS",13,10,0                           ;starting message
   352 0000006C 4F530D0A00         
   353 00000071 00<rept>                                        times   510-($-$$) db 0h                                ;zero fill to end of sector
   354 000001FE 55AA                                            db      055h,0AAh                                       ;end of sector signature
   355                                  %endif
   356                                  %ifdef BUILDDISK
   357                                  ;-----------------------------------------------------------------------------------------------------------------------
   358                                  ;
   359                                  ;       Free Disk Space                                                         @disk: 000200   @mem: n/a
   360                                  ;
   361                                  ;       Following the convention introduced by DOS, we use the value 'F6' to indicate unused floppy disk storage.
   362                                  ;
   363                                  ;-----------------------------------------------------------------------------------------------------------------------
   364                                  section                 unused                                                  ;unused disk space
   365                                                          times   EBOOTDISKBYTES-EBOOTSECTORBYTES db 0F6h         ;fill to end of disk image
   366                                  %endif
   367                                  ;=======================================================================================================================
   368                                  ;
   369                                  ;       End of Program Code
   370                                  ;
   371                                  ;=======================================================================================================================
